2026-10-08 06:50:31.414398 [32;1m[INFO][0m Tile extract successfully loaded with tile count: 20
2026-10-08 06:50:31.416506 [33;1m[WARN][0m (stat): /data/valhalla/traffic.tar No such file or directory
2026-10-08 06:50:31.416556 [33;1m[WARN][0m Traffic tile extract could not be loaded
2026-10-08 06:50:31.416851 [32;1m[INFO][0m Tile extract successfully loaded with tile count: 20
2026-10-08 06:50:31.417149 [33;1m[WARN][0m (stat): /data/valhalla/traffic.tar No such file or directory
2026-10-08 06:50:31.417193 [33;1m[WARN][0m Traffic tile extract could not be loaded
objc[57368]: Class UIAccessibilityLoaderWebShared is implemented in both /Library/Developer/CoreSimulator/Volumes/iOS_24A434/Library/Developer/CoreSimulator/Profiles/Runtimes/iOS 27.0.simruntime/Contents/Resources/RuntimeRoot/System/Library/AccessibilityBundles/WebKit.axbundle/WebKit (0x1143cc398) and /Library/Developer/CoreSimulator/Volumes/iOS_24A434/Library/Developer/CoreSimulator/Profiles/Runtimes/iOS 27.0.simruntime/Contents/Resources/RuntimeRoot/System/Library/AccessibilityBundles/WebCore.axbundle/WebCore (0x117588310). This may cause spurious casting failures and mysterious crashes. One of the duplicates must be removed or renamed.
2026-10-08 06:50:32.045202 [32;1m[INFO][0m algorithm::bidirectional_a*
2026-10-08 06:50:32.076188 [32;1m[INFO][0m Tile extract successfully loaded with tile count: 20
2026-10-08 06:50:32.076433 [33;1m[WARN][0m (stat): /data/valhalla/traffic.tar No such file or directory
2026-10-08 06:50:32.076474 [33;1m[WARN][0m Traffic tile extract could not be loaded
2026-10-08 06:50:32.079698 [32;1m[INFO][0m algorithm::bidirectional_a*
2026-10-08 06:50:32.203474 [32;1m[INFO][0m algorithm::bidirectional_a*
2026-10-08 06:50:32.203496 [32;1m[INFO][0m algorithm::bidirectional_a*
2026-10-08 06:50:32.206447 [32;1m[INFO][0m algorithm::bidirectional_a*
2026-10-08 06:50:32.206601 [32;1m[INFO][0m algorithm::bidirectional_a*
2026-10-08 06:50:32.208922 [32;1m[INFO][0m algorithm::bidirectional_a*
2026-10-08 06:50:32.209227 [32;1m[INFO][0m algorithm::bidirectional_a*
2026-10-08 06:50:32.210461 [32;1m[INFO][0m algorithm::bidirectional_a*
2026-10-08 06:50:32.211102 [32;1m[INFO][0m algorithm::bidirectional_a*
2026-10-08 06:50:32.211832 [32;1m[INFO][0m algorithm::bidirectional_a*
2026-10-08 06:50:32.212284 [32;1m[INFO][0m algorithm::bidirectional_a*
2026-10-08 06:50:32.214343 [32;1m[INFO][0m algorithm::bidirectional_a*
2026-10-08 06:50:32.214680 [32;1m[INFO][0m algorithm::bidirectional_a*
2026-10-08 06:50:32.216853 [32;1m[INFO][0m algorithm::bidirectional_a*
2026-10-08 06:50:32.217237 [32;1m[INFO][0m algorithm::bidirectional_a*
2026-10-08 06:50:32.219291 [32;1m[INFO][0m algorithm::bidirectional_a*
2026-10-08 06:50:32.219703 [32;1m[INFO][0m algorithm::bidirectional_a*
2026-10-08 06:50:32.220714 [32;1m[INFO][0m algorithm::bidirectional_a*
2026-10-08 06:50:32.221040 [32;1m[INFO][0m algorithm::bidirectional_a*
2026-10-08 06:50:32.223261 [32;1m[INFO][0m algorithm::bidirectional_a*
2026-10-08 06:50:32.223714 [32;1m[INFO][0m algorithm::bidirectional_a*
2026-10-08 06:50:32.226500 [32;1m[INFO][0m algorithm::bidirectional_a*
2026-10-08 06:50:32.226919 [32;1m[INFO][0m algorithm::bidirectional_a*
2026-10-08 06:50:32.228288 [32;1m[INFO][0m algorithm::bidirectional_a*
2026-10-08 06:50:32.230138 [32;1m[INFO][0m algorithm::bidirectional_a*
2026-10-08 06:50:32.230863 [32;1m[INFO][0m algorithm::bidirectional_a*
2026-10-08 06:50:32.231650 [32;1m[INFO][0m algorithm::bidirectional_a*
2026-10-08 06:50:32.233534 [32;1m[INFO][0m algorithm::bidirectional_a*
2026-10-08 06:50:32.236678 [32;1m[INFO][0m algorithm::bidirectional_a*
2026-10-08 06:50:32.237381 [32;1m[INFO][0m algorithm::bidirectional_a*
2026-10-08 06:50:32.239240 [32;1m[INFO][0m algorithm::bidirectional_a*
2026-10-08 06:50:32.240519 [32;1m[INFO][0m algorithm::bidirectional_a*
2026-10-08 06:50:32.241160 [32;1m[INFO][0m algorithm::bidirectional_a*
2026-10-08 06:50:32.242119 [32;1m[INFO][0m algorithm::bidirectional_a*
2026-10-08 06:50:32.242895 [32;1m[INFO][0m algorithm::bidirectional_a*
2026-10-08 06:50:32.245115 [32;1m[INFO][0m algorithm::bidirectional_a*
2026-10-08 06:50:32.245813 [32;1m[INFO][0m algorithm::bidirectional_a*
2026-10-08 06:50:32.248430 [32;1m[INFO][0m algorithm::bidirectional_a*
2026-10-08 06:50:32.249403 [32;1m[INFO][0m algorithm::bidirectional_a*
2026-10-08 06:50:32.251334 [32;1m[INFO][0m algorithm::bidirectional_a*
2026-10-08 06:50:32.252370 [32;1m[INFO][0m algorithm::bidirectional_a*
2026-10-08 06:50:32.253777 [32;1m[INFO][0m algorithm::bidirectional_a*
2026-10-08 06:50:32.254785 [32;1m[INFO][0m algorithm::bidirectional_a*
2026-10-08 06:50:32.257348 [32;1m[INFO][0m algorithm::bidirectional_a*
2026-10-08 06:50:32.258526 [32;1m[INFO][0m algorithm::bidirectional_a*
2026-10-08 06:50:32.260258 [32;1m[INFO][0m algorithm::bidirectional_a*
2026-10-08 06:50:32.261520 [32;1m[INFO][0m algorithm::bidirectional_a*
2026-10-08 06:50:32.289114 [32;1m[INFO][0m algorithm::bidirectional_a*
2026-10-08 06:50:32.289416 [32;1m[INFO][0m algorithm::bidirectional_a*
2026-10-08 06:50:32.291818 [32;1m[INFO][0m algorithm::bidirectional_a*
2026-10-08 06:50:32.291979 [32;1m[INFO][0m algorithm::bidirectional_a*
2026-10-08 06:50:32.294038 [32;1m[INFO][0m algorithm::bidirectional_a*
2026-10-08 06:50:32.295533 [32;1m[INFO][0m algorithm::bidirectional_a*
2026-10-08 06:50:32.296589 [32;1m[INFO][0m algorithm::bidirectional_a*
2026-10-08 06:50:32.298014 [32;1m[INFO][0m algorithm::bidirectional_a*
2026-10-08 06:50:32.299507 [32;1m[INFO][0m algorithm::bidirectional_a*
2026-10-08 06:50:32.301444 [32;1m[INFO][0m algorithm::bidirectional_a*
2026-10-08 06:50:32.303194 [32;1m[INFO][0m algorithm::bidirectional_a*
2026-10-08 06:50:32.304310 [32;1m[INFO][0m algorithm::bidirectional_a*
2026-10-08 06:50:32.306169 [32;1m[INFO][0m algorithm::bidirectional_a*
2026-10-08 06:50:32.308143 [32;1m[INFO][0m algorithm::bidirectional_a*
2026-10-08 06:50:32.309589 [32;1m[INFO][0m algorithm::bidirectional_a*
2026-10-08 06:50:32.310412 [32;1m[INFO][0m algorithm::bidirectional_a*
2026-10-08 06:50:32.312914 [32;1m[INFO][0m algorithm::bidirectional_a*
2026-10-08 06:50:32.313321 [32;1m[INFO][0m algorithm::bidirectional_a*
2026-10-08 06:50:32.315401 [32;1m[INFO][0m algorithm::bidirectional_a*
2026-10-08 06:50:32.315439 [32;1m[INFO][0m algorithm::bidirectional_a*
2026-10-08 06:50:32.317565 [32;1m[INFO][0m algorithm::bidirectional_a*
2026-10-08 06:50:32.319204 [32;1m[INFO][0m algorithm::bidirectional_a*
2026-10-08 06:50:32.319232 [32;1m[INFO][0m algorithm::bidirectional_a*
2026-10-08 06:50:32.322873 [32;1m[INFO][0m algorithm::bidirectional_a*
2026-10-08 06:50:32.323088 [32;1m[INFO][0m algorithm::bidirectional_a*
2026-10-08 06:50:32.325096 [32;1m[INFO][0m algorithm::bidirectional_a*
2026-10-08 06:50:32.325789 [32;1m[INFO][0m algorithm::bidirectional_a*
2026-10-08 06:50:32.327333 [32;1m[INFO][0m algorithm::bidirectional_a*
2026-10-08 06:50:32.328078 [32;1m[INFO][0m algorithm::bidirectional_a*
2026-10-08 06:50:32.329989 [32;1m[INFO][0m algorithm::bidirectional_a*
2026-10-08 06:50:32.330309 [32;1m[INFO][0m algorithm::bidirectional_a*
2026-10-08 06:50:32.332117 [32;1m[INFO][0m algorithm::bidirectional_a*
2026-10-08 06:50:32.332287 [32;1m[INFO][0m algorithm::bidirectional_a*
2026-10-08 06:50:32.334534 [32;1m[INFO][0m algorithm::bidirectional_a*
2026-10-08 06:50:32.334543 [32;1m[INFO][0m algorithm::bidirectional_a*
2026-10-08 06:50:32.336859 [32;1m[INFO][0m algorithm::bidirectional_a*
2026-10-08 06:50:32.336992 [32;1m[INFO][0m algorithm::bidirectional_a*
2026-10-08 06:50:32.339535 [32;1m[INFO][0m algorithm::bidirectional_a*
2026-10-08 06:50:32.340578 [32;1m[INFO][0m algorithm::bidirectional_a*
2026-10-08 06:50:32.343381 [32;1m[INFO][0m algorithm::bidirectional_a*
2026-10-08 06:50:32.343651 [32;1m[INFO][0m algorithm::bidirectional_a*
2026-10-08 06:50:32.347138 [32;1m[INFO][0m algorithm::bidirectional_a*
2026-10-08 06:50:32.347389 [32;1m[INFO][0m algorithm::bidirectional_a*
2026-10-08 06:50:32.350663 [32;1m[INFO][0m algorithm::bidirectional_a*
2026-10-08 06:50:32.351383 [32;1m[INFO][0m algorithm::bidirectional_a*
2026-10-08 06:50:32.353223 [32;1m[INFO][0m algorithm::bidirectional_a*
2026-10-08 06:50:32.353888 [32;1m[INFO][0m algorithm::bidirectional_a*
2026-10-08 06:50:32.355674 [32;1m[INFO][0m algorithm::bidirectional_a*
2026-10-08 06:50:32.356376 [32;1m[INFO][0m algorithm::bidirectional_a*
2026-10-08 06:50:32.358074 [32;1m[INFO][0m algorithm::bidirectional_a*
2026-10-08 06:50:32.359182 [32;1m[INFO][0m algorithm::bidirectional_a*
2026-10-08 06:50:32.361915 [32;1m[INFO][0m algorithm::bidirectional_a*
2026-10-08 06:50:32.363318 [32;1m[INFO][0m algorithm::bidirectional_a*
2026-10-08 06:50:32.365489 [32;1m[INFO][0m algorithm::bidirectional_a*
2026-10-08 06:50:32.366999 [32;1m[INFO][0m algorithm::bidirectional_a*
2026-10-08 06:50:32.369052 [32;1m[INFO][0m algorithm::bidirectional_a*
2026-10-08 06:50:32.370797 [32;1m[INFO][0m algorithm::bidirectional_a*
2026-10-08 06:50:32.372905 [32;1m[INFO][0m algorithm::bidirectional_a*
2026-10-08 06:50:32.373284 [32;1m[INFO][0m algorithm::bidirectional_a*
2026-10-08 06:50:32.375604 [32;1m[INFO][0m algorithm::bidirectional_a*
2026-10-08 06:50:32.375742 [32;1m[INFO][0m algorithm::bidirectional_a*
2026-10-08 06:50:32.378206 [32;1m[INFO][0m algorithm::bidirectional_a*
2026-10-08 06:50:32.378477 [32;1m[INFO][0m algorithm::bidirectional_a*
2026-10-08 06:50:32.380927 [32;1m[INFO][0m algorithm::bidirectional_a*
2026-10-08 06:50:32.381222 [32;1m[INFO][0m algorithm::bidirectional_a*
2026-10-08 06:50:32.383585 [32;1m[INFO][0m algorithm::bidirectional_a*
2026-10-08 06:50:32.384124 [32;1m[INFO][0m algorithm::bidirectional_a*
2026-10-08 06:50:32.385915 [32;1m[INFO][0m algorithm::bidirectional_a*
2026-10-08 06:50:32.386914 [32;1m[INFO][0m algorithm::bidirectional_a*
2026-10-08 06:50:32.388249 [32;1m[INFO][0m algorithm::bidirectional_a*
2026-10-08 06:50:32.389352 [32;1m[INFO][0m algorithm::bidirectional_a*
2026-10-08 06:50:32.390953 [32;1m[INFO][0m algorithm::bidirectional_a*
2026-10-08 06:50:32.392062 [32;1m[INFO][0m algorithm::bidirectional_a*
2026-10-08 06:50:32.394229 [32;1m[INFO][0m algorithm::bidirectional_a*
2026-10-08 06:50:32.395990 [32;1m[INFO][0m algorithm::bidirectional_a*
2026-10-08 06:50:32.398138 [32;1m[INFO][0m algorithm::bidirectional_a*
2026-10-08 06:50:32.399551 [32;1m[INFO][0m algorithm::bidirectional_a*
2026-10-08 06:50:32.401492 [32;1m[INFO][0m algorithm::bidirectional_a*
2026-10-08 06:50:32.402558 [32;1m[INFO][0m algorithm::bidirectional_a*
2026-10-08 06:50:32.404483 [32;1m[INFO][0m algorithm::bidirectional_a*
2026-10-08 06:50:32.404579 [32;1m[INFO][0m algorithm::bidirectional_a*
2026-10-08 06:50:32.406390 [32;1m[INFO][0m algorithm::bidirectional_a*
2026-10-08 06:50:32.406470 [32;1m[INFO][0m algorithm::bidirectional_a*
2026-10-08 06:50:32.408413 [32;1m[INFO][0m algorithm::bidirectional_a*
2026-10-08 06:50:32.408428 [32;1m[INFO][0m algorithm::bidirectional_a*
2026-10-08 06:50:32.410906 [32;1m[INFO][0m algorithm::bidirectional_a*
2026-10-08 06:50:32.410965 [32;1m[INFO][0m algorithm::bidirectional_a*
2026-10-08 06:50:32.413822 [32;1m[INFO][0m algorithm::bidirectional_a*
2026-10-08 06:50:32.413827 [32;1m[INFO][0m algorithm::bidirectional_a*
2026-10-08 06:50:32.416487 [32;1m[INFO][0m algorithm::bidirectional_a*
2026-10-08 06:50:32.416610 [32;1m[INFO][0m algorithm::bidirectional_a*
2026-10-08 06:50:32.419212 [32;1m[INFO][0m algorithm::bidirectional_a*
2026-10-08 06:50:32.657886 [32;1m[INFO][0m algorithm::bidirectional_a*
2026-10-08 06:50:32.657988 [32;1m[INFO][0m algorithm::bidirectional_a*
2026-10-08 06:50:32.660638 [32;1m[INFO][0m algorithm::bidirectional_a*
2026-10-08 06:50:32.660644 [32;1m[INFO][0m algorithm::bidirectional_a*
2026-10-08 06:50:32.663152 [32;1m[INFO][0m algorithm::bidirectional_a*
2026-10-08 06:50:32.663393 [32;1m[INFO][0m algorithm::bidirectional_a*
2026-10-08 06:50:32.666250 [32;1m[INFO][0m algorithm::bidirectional_a*
2026-10-08 06:50:32.666279 [32;1m[INFO][0m algorithm::bidirectional_a*
2026-10-08 06:50:32.669094 [32;1m[INFO][0m algorithm::bidirectional_a*
2026-10-08 06:50:32.669211 [32;1m[INFO][0m algorithm::bidirectional_a*
2026-10-08 06:50:32.671795 [32;1m[INFO][0m algorithm::bidirectional_a*
2026-10-08 06:50:32.671831 [32;1m[INFO][0m algorithm::bidirectional_a*
2026-10-08 06:50:32.674779 [32;1m[INFO][0m algorithm::bidirectional_a*
2026-10-08 06:50:32.674893 [32;1m[INFO][0m algorithm::bidirectional_a*
2026-10-08 06:50:32.677608 [32;1m[INFO][0m algorithm::bidirectional_a*
2026-10-08 06:50:32.677963 [32;1m[INFO][0m algorithm::bidirectional_a*
2026-10-08 06:50:32.681444 [32;1m[INFO][0m algorithm::bidirectional_a*
2026-10-08 06:50:32.681466 [32;1m[INFO][0m algorithm::bidirectional_a*
2026-10-08 06:50:32.684473 [32;1m[INFO][0m algorithm::bidirectional_a*
2026-10-08 06:50:32.684744 [32;1m[INFO][0m algorithm::bidirectional_a*
2026-10-08 06:50:32.687750 [32;1m[INFO][0m algorithm::bidirectional_a*
2026-10-08 06:50:32.687903 [32;1m[INFO][0m algorithm::bidirectional_a*
2026-10-08 06:50:32.690867 [32;1m[INFO][0m algorithm::bidirectional_a*
2026-10-08 06:50:32.691266 [32;1m[INFO][0m algorithm::bidirectional_a*
2026-10-08 06:50:32.694456 [32;1m[INFO][0m algorithm::bidirectional_a*
2026-10-08 06:50:32.694816 [32;1m[INFO][0m algorithm::bidirectional_a*
2026-10-08 06:50:32.697960 [32;1m[INFO][0m algorithm::bidirectional_a*
2026-10-08 06:50:32.698061 [32;1m[INFO][0m algorithm::bidirectional_a*
2026-10-08 06:50:32.700568 [32;1m[INFO][0m algorithm::bidirectional_a*
2026-10-08 06:50:32.701400 [32;1m[INFO][0m algorithm::bidirectional_a*
2026-10-08 06:50:32.702805 [32;1m[INFO][0m algorithm::bidirectional_a*
2026-10-08 06:50:32.703721 [32;1m[INFO][0m algorithm::bidirectional_a*
2026-10-08 06:50:32.705334 [32;1m[INFO][0m algorithm::bidirectional_a*
2026-10-08 06:50:32.705780 [32;1m[INFO][0m algorithm::bidirectional_a*
2026-10-08 06:50:32.707468 [32;1m[INFO][0m algorithm::bidirectional_a*
2026-10-08 06:50:32.707645 [32;1m[INFO][0m algorithm::bidirectional_a*
2026-10-08 06:50:32.709353 [32;1m[INFO][0m algorithm::bidirectional_a*
2026-10-08 06:50:32.709609 [32;1m[INFO][0m algorithm::bidirectional_a*
2026-10-08 06:50:33.282848 [32;1m[INFO][0m algorithm::bidirectional_a*
2026-10-08 06:50:33.282893 [32;1m[INFO][0m algorithm::bidirectional_a*
2026-10-08 06:50:33.285118 [32;1m[INFO][0m algorithm::bidirectional_a*
2026-10-08 06:50:33.286955 [32;1m[INFO][0m algorithm::bidirectional_a*
2026-10-08 06:50:33.288104 [32;1m[INFO][0m algorithm::bidirectional_a*
2026-10-08 06:50:33.289294 [32;1m[INFO][0m algorithm::bidirectional_a*
2026-10-08 06:50:33.516644 [32;1m[INFO][0m algorithm::bidirectional_a*
2026-10-08 06:50:33.516975 [32;1m[INFO][0m algorithm::bidirectional_a*
2026-10-08 06:50:33.519138 [32;1m[INFO][0m algorithm::bidirectional_a*
2026-10-08 06:50:33.520826 [32;1m[INFO][0m algorithm::bidirectional_a*
2026-10-08 06:50:33.521517 [32;1m[INFO][0m algorithm::bidirectional_a*
2026-10-08 06:50:33.522976 [32;1m[INFO][0m algorithm::bidirectional_a*
2026-10-08 06:50:33.523758 [32;1m[INFO][0m algorithm::bidirectional_a*
2026-10-08 06:50:33.525970 [32;1m[INFO][0m algorithm::bidirectional_a*
2026-10-08 06:50:33.526567 [32;1m[INFO][0m algorithm::bidirectional_a*
2026-10-08 06:50:33.528463 [32;1m[INFO][0m algorithm::bidirectional_a*
2026-10-08 06:50:33.530388 [32;1m[INFO][0m algorithm::bidirectional_a*
2026-10-08 06:50:33.532302 [32;1m[INFO][0m algorithm::bidirectional_a*
2026-10-08 06:50:33.532716 [32;1m[INFO][0m algorithm::bidirectional_a*
2026-10-08 06:50:33.534597 [32;1m[INFO][0m algorithm::bidirectional_a*
2026-10-08 06:50:33.535765 [32;1m[INFO][0m algorithm::bidirectional_a*
2026-10-08 06:50:33.537024 [32;1m[INFO][0m algorithm::bidirectional_a*
2026-10-08 06:50:33.538222 [32;1m[INFO][0m algorithm::bidirectional_a*
2026-10-08 06:50:33.539745 [32;1m[INFO][0m algorithm::bidirectional_a*
2026-10-08 06:50:33.541697 [32;1m[INFO][0m algorithm::bidirectional_a*
2026-10-08 06:50:33.542458 [32;1m[INFO][0m algorithm::bidirectional_a*
2026-10-08 06:50:33.543508 [32;1m[INFO][0m algorithm::bidirectional_a*
2026-10-08 06:50:33.544000 [32;1m[INFO][0m algorithm::bidirectional_a*
2026-10-08 06:50:33.545408 [32;1m[INFO][0m algorithm::bidirectional_a*
2026-10-08 06:50:33.546380 [32;1m[INFO][0m algorithm::bidirectional_a*
2026-10-08 06:50:33.546719 [32;1m[INFO][0m algorithm::bidirectional_a*
2026-10-08 06:50:33.548058 [32;1m[INFO][0m algorithm::bidirectional_a*
2026-10-08 06:50:33.548354 [32;1m[INFO][0m algorithm::bidirectional_a*
2026-10-08 06:50:33.549738 [32;1m[INFO][0m algorithm::bidirectional_a*
2026-10-08 06:50:33.549984 [32;1m[INFO][0m algorithm::bidirectional_a*
2026-10-08 06:50:33.551465 [32;1m[INFO][0m algorithm::bidirectional_a*
2026-10-08 06:50:33.551825 [32;1m[INFO][0m algorithm::bidirectional_a*
2026-10-08 06:50:33.553512 [32;1m[INFO][0m algorithm::bidirectional_a*
2026-10-08 06:50:33.553557 [32;1m[INFO][0m algorithm::bidirectional_a*
2026-10-08 06:50:33.555595 [32;1m[INFO][0m algorithm::bidirectional_a*
2026-10-08 06:50:33.555649 [32;1m[INFO][0m algorithm::bidirectional_a*
2026-10-08 06:50:33.557244 [32;1m[INFO][0m algorithm::bidirectional_a*
2026-10-08 06:50:33.557626 [32;1m[INFO][0m algorithm::bidirectional_a*
2026-10-08 06:50:33.558822 [32;1m[INFO][0m algorithm::bidirectional_a*
2026-10-08 06:50:33.559861 [32;1m[INFO][0m algorithm::bidirectional_a*
2026-10-08 06:50:33.561027 [32;1m[INFO][0m algorithm::bidirectional_a*
2026-10-08 06:50:33.562050 [32;1m[INFO][0m algorithm::bidirectional_a*
2026-10-08 06:50:33.563509 [32;1m[INFO][0m algorithm::bidirectional_a*
2026-10-08 06:50:33.566026 [32;1m[INFO][0m algorithm::bidirectional_a*
2026-10-08 06:50:33.567371 [32;1m[INFO][0m algorithm::bidirectional_a*
2026-10-08 06:50:33.568947 [32;1m[INFO][0m algorithm::bidirectional_a*
2026-10-08 06:50:33.569517 [32;1m[INFO][0m algorithm::bidirectional_a*
2026-10-08 06:50:33.571481 [32;1m[INFO][0m algorithm::bidirectional_a*
2026-10-08 06:50:33.572214 [32;1m[INFO][0m algorithm::bidirectional_a*
2026-10-08 06:50:33.575373 [32;1m[INFO][0m algorithm::bidirectional_a*
2026-10-08 06:50:33.576344 [32;1m[INFO][0m algorithm::bidirectional_a*
2026-10-08 06:50:33.577345 [32;1m[INFO][0m algorithm::bidirectional_a*
2026-10-08 06:50:33.578329 [32;1m[INFO][0m algorithm::bidirectional_a*
2026-10-08 06:50:33.579100 [32;1m[INFO][0m algorithm::bidirectional_a*
2026-10-08 06:50:33.580987 [32;1m[INFO][0m algorithm::bidirectional_a*
2026-10-08 06:50:33.582422 [32;1m[INFO][0m algorithm::bidirectional_a*
2026-10-08 06:50:33.582721 [32;1m[INFO][0m algorithm::bidirectional_a*
2026-10-08 06:50:33.583745 [32;1m[INFO][0m algorithm::bidirectional_a*
2026-10-08 06:50:33.584501 [32;1m[INFO][0m algorithm::bidirectional_a*
2026-10-08 06:50:33.586838 [32;1m[INFO][0m algorithm::bidirectional_a*
2026-10-08 06:50:33.586884 [32;1m[INFO][0m algorithm::time_dependent_forward_a*
2026-10-08 06:50:33.589481 [32;1m[INFO][0m algorithm::bidirectional_a*
2026-10-08 06:50:33.590288 [32;1m[INFO][0m algorithm::bidirectional_a*
2026-10-08 06:50:33.590845 [32;1m[INFO][0m algorithm::bidirectional_a*
2026-10-08 06:50:33.592293 [32;1m[INFO][0m algorithm::bidirectional_a*
2026-10-08 06:50:33.592424 [32;1m[INFO][0m algorithm::bidirectional_a*
2026-10-08 06:50:33.594098 [32;1m[INFO][0m algorithm::bidirectional_a*
2026-10-08 06:50:33.595692 [32;1m[INFO][0m algorithm::bidirectional_a*
2026-10-08 06:50:33.597347 [32;1m[INFO][0m algorithm::bidirectional_a*
2026-10-08 06:50:33.597394 [32;1m[INFO][0m algorithm::bidirectional_a*
2026-10-08 06:50:33.600073 [32;1m[INFO][0m algorithm::bidirectional_a*
2026-10-08 06:50:33.600222 [32;1m[INFO][0m algorithm::bidirectional_a*
2026-10-08 06:50:33.602226 [32;1m[INFO][0m algorithm::bidirectional_a*
2026-10-08 06:50:33.602436 [32;1m[INFO][0m algorithm::bidirectional_a*
2026-10-08 06:50:33.604647 [32;1m[INFO][0m algorithm::bidirectional_a*
2026-10-08 06:50:33.604868 [32;1m[INFO][0m algorithm::bidirectional_a*
2026-10-08 06:50:33.607080 [32;1m[INFO][0m algorithm::bidirectional_a*
2026-10-08 06:50:33.607355 [32;1m[INFO][0m algorithm::bidirectional_a*
2026-10-08 06:50:33.609419 [32;1m[INFO][0m algorithm::bidirectional_a*
2026-10-08 06:50:33.609769 [32;1m[INFO][0m algorithm::bidirectional_a*
2026-10-08 06:50:33.611977 [32;1m[INFO][0m algorithm::bidirectional_a*
2026-10-08 06:50:33.612144 [32;1m[INFO][0m algorithm::bidirectional_a*
2026-10-08 06:50:33.614139 [32;1m[INFO][0m algorithm::bidirectional_a*
2026-10-08 06:50:33.614325 [32;1m[INFO][0m algorithm::bidirectional_a*
2026-10-08 06:50:33.616735 [32;1m[INFO][0m algorithm::bidirectional_a*
2026-10-08 06:50:33.616828 [32;1m[INFO][0m algorithm::bidirectional_a*
2026-10-08 06:50:33.619123 [32;1m[INFO][0m algorithm::bidirectional_a*
2026-10-08 06:50:33.619428 [32;1m[INFO][0m algorithm::bidirectional_a*
2026-10-08 06:50:33.620827 [32;1m[INFO][0m algorithm::bidirectional_a*
2026-10-08 06:50:33.621853 [32;1m[INFO][0m algorithm::bidirectional_a*
2026-10-08 06:50:33.623063 [32;1m[INFO][0m algorithm::bidirectional_a*
2026-10-08 06:50:33.623450 [32;1m[INFO][0m algorithm::bidirectional_a*
2026-10-08 06:50:33.624170 [32;1m[INFO][0m algorithm::bidirectional_a*
2026-10-08 06:50:33.624647 [32;1m[INFO][0m algorithm::bidirectional_a*
2026-10-08 06:50:33.626144 [32;1m[INFO][0m algorithm::bidirectional_a*
2026-10-08 06:50:33.626667 [32;1m[INFO][0m algorithm::bidirectional_a*
2026-10-08 06:50:33.628937 [32;1m[INFO][0m algorithm::bidirectional_a*
2026-10-08 06:50:37.780711 [32;1m[INFO][0m algorithm::bidirectional_a*
2026-10-08 06:50:37.782552 [32;1m[INFO][0m algorithm::bidirectional_a*
2026-10-08 06:50:37.782892 [32;1m[INFO][0m algorithm::bidirectional_a*
2026-10-08 06:50:37.784656 [32;1m[INFO][0m algorithm::bidirectional_a*
2026-10-08 06:50:37.786468 [32;1m[INFO][0m algorithm::bidirectional_a*
2026-10-08 06:50:37.788048 [32;1m[INFO][0m algorithm::bidirectional_a*
2026-10-08 06:50:37.790260 [32;1m[INFO][0m algorithm::bidirectional_a*
2026-10-08 06:50:37.791658 [32;1m[INFO][0m algorithm::bidirectional_a*
2026-10-08 06:50:37.793770 [32;1m[INFO][0m algorithm::bidirectional_a*
2026-10-08 06:50:37.795574 [32;1m[INFO][0m algorithm::bidirectional_a*
2026-10-08 06:50:37.796948 [32;1m[INFO][0m algorithm::bidirectional_a*
2026-10-08 06:50:37.799013 [32;1m[INFO][0m algorithm::bidirectional_a*
2026-10-08 06:50:37.800217 [32;1m[INFO][0m algorithm::bidirectional_a*
2026-10-08 06:50:37.802519 [32;1m[INFO][0m algorithm::bidirectional_a*
2026-10-08 06:50:37.803848 [32;1m[INFO][0m algorithm::bidirectional_a*
2026-10-08 06:50:37.805576 [32;1m[INFO][0m algorithm::bidirectional_a*
2026-10-08 06:50:37.807994 [32;1m[INFO][0m algorithm::bidirectional_a*
2026-10-08 06:50:37.808857 [32;1m[INFO][0m algorithm::bidirectional_a*
2026-10-08 06:50:37.811158 [32;1m[INFO][0m algorithm::bidirectional_a*
2026-10-08 06:50:37.812017 [32;1m[INFO][0m algorithm::bidirectional_a*
2026-10-08 06:50:37.814569 [32;1m[INFO][0m algorithm::bidirectional_a*
2026-10-08 06:50:37.815302 [32;1m[INFO][0m algorithm::bidirectional_a*
2026-10-08 06:50:37.818016 [32;1m[INFO][0m algorithm::bidirectional_a*
2026-10-08 06:50:37.819185 [32;1m[INFO][0m algorithm::bidirectional_a*
2026-10-08 06:50:37.821161 [32;1m[INFO][0m algorithm::bidirectional_a*
2026-10-08 06:50:37.822796 [32;1m[INFO][0m algorithm::bidirectional_a*
2026-10-08 06:50:37.824191 [32;1m[INFO][0m algorithm::bidirectional_a*
2026-10-08 06:50:37.826371 [32;1m[INFO][0m algorithm::bidirectional_a*
2026-10-08 06:50:37.827159 [32;1m[INFO][0m algorithm::bidirectional_a*
2026-10-08 06:50:37.829542 [32;1m[INFO][0m algorithm::bidirectional_a*
2026-10-08 06:50:37.830274 [32;1m[INFO][0m algorithm::bidirectional_a*
2026-10-08 06:50:38.044831 [32;1m[INFO][0m algorithm::bidirectional_a*
2026-10-08 06:50:38.044846 [32;1m[INFO][0m algorithm::bidirectional_a*
2026-10-08 06:50:38.047820 [32;1m[INFO][0m algorithm::bidirectional_a*
2026-10-08 06:50:38.047937 [32;1m[INFO][0m algorithm::bidirectional_a*
2026-10-08 06:50:38.050494 [32;1m[INFO][0m algorithm::bidirectional_a*
2026-10-08 06:50:38.050548 [32;1m[INFO][0m algorithm::bidirectional_a*
2026-10-08 06:50:38.052927 [32;1m[INFO][0m algorithm::bidirectional_a*
2026-10-08 06:50:38.053260 [32;1m[INFO][0m algorithm::bidirectional_a*
2026-10-08 06:50:38.055357 [32;1m[INFO][0m algorithm::bidirectional_a*
2026-10-08 06:50:38.055699 [32;1m[INFO][0m algorithm::bidirectional_a*
2026-10-08 06:50:38.057667 [32;1m[INFO][0m algorithm::bidirectional_a*
2026-10-08 06:50:38.058076 [32;1m[INFO][0m algorithm::bidirectional_a*
2026-10-08 06:50:38.059937 [32;1m[INFO][0m algorithm::bidirectional_a*
2026-10-08 06:50:38.060334 [32;1m[INFO][0m algorithm::bidirectional_a*
2026-10-08 06:50:38.062595 [32;1m[INFO][0m algorithm::bidirectional_a*
2026-10-08 06:50:38.062886 [32;1m[INFO][0m algorithm::bidirectional_a*
2026-10-08 06:50:38.064762 [32;1m[INFO][0m algorithm::time_dependent_forward_a*
2026-10-08 06:50:38.065263 [32;1m[INFO][0m algorithm::bidirectional_a*
2026-10-08 06:50:38.066634 [32;1m[INFO][0m algorithm::bidirectional_a*
2026-10-08 06:50:38.067164 [32;1m[INFO][0m algorithm::time_dependent_forward_a*
2026-10-08 06:50:38.068480 [32;1m[INFO][0m algorithm::bidirectional_a*
2026-10-08 06:50:38.068856 [32;1m[INFO][0m algorithm::bidirectional_a*
2026-10-08 06:50:38.070292 [32;1m[INFO][0m algorithm::bidirectional_a*
2026-10-08 06:50:38.071187 [32;1m[INFO][0m algorithm::bidirectional_a*
2026-10-08 06:50:38.072015 [32;1m[INFO][0m algorithm::bidirectional_a*
2026-10-08 06:50:38.073402 [32;1m[INFO][0m algorithm::bidirectional_a*
2026-10-08 06:50:38.073710 [32;1m[INFO][0m algorithm::bidirectional_a*
2026-10-08 06:50:38.075164 [32;1m[INFO][0m algorithm::time_dependent_forward_a*
2026-10-08 06:50:38.075557 [32;1m[INFO][0m algorithm::bidirectional_a*
2026-10-08 06:50:38.076929 [32;1m[INFO][0m algorithm::bidirectional_a*
2026-10-08 06:50:38.077261 [32;1m[INFO][0m algorithm::bidirectional_a*
2026-10-08 06:50:38.078612 [32;1m[INFO][0m algorithm::bidirectional_a*
2026-10-08 06:50:38.661191 [32;1m[INFO][0m algorithm::bidirectional_a*
2026-10-08 06:50:38.661232 [32;1m[INFO][0m algorithm::bidirectional_a*
2026-10-08 06:50:38.663753 [32;1m[INFO][0m algorithm::bidirectional_a*
2026-10-08 06:50:38.663807 [32;1m[INFO][0m algorithm::bidirectional_a*
2026-10-08 06:50:38.666047 [32;1m[INFO][0m algorithm::bidirectional_a*
2026-10-08 06:50:38.666127 [32;1m[INFO][0m algorithm::bidirectional_a*
2026-10-08 06:50:38.668035 [32;1m[INFO][0m algorithm::bidirectional_a*
2026-10-08 06:50:38.668324 [32;1m[INFO][0m algorithm::bidirectional_a*
2026-10-08 06:50:38.670228 [32;1m[INFO][0m algorithm::bidirectional_a*
2026-10-08 06:50:38.670427 [32;1m[INFO][0m algorithm::time_dependent_forward_a*
2026-10-08 06:50:38.672111 [32;1m[INFO][0m algorithm::bidirectional_a*
2026-10-08 06:50:38.672292 [32;1m[INFO][0m algorithm::time_dependent_forward_a*
2026-10-08 06:50:38.674103 [32;1m[INFO][0m algorithm::bidirectional_a*
2026-10-08 06:50:38.674154 [32;1m[INFO][0m algorithm::bidirectional_a*
2026-10-08 06:50:38.676134 [32;1m[INFO][0m algorithm::time_dependent_forward_a*
2026-10-08 06:50:38.676588 [32;1m[INFO][0m algorithm::time_dependent_forward_a*
2026-10-08 06:50:38.677997 [32;1m[INFO][0m algorithm::bidirectional_a*
2026-10-08 06:50:38.678713 [32;1m[INFO][0m algorithm::bidirectional_a*
2026-10-08 06:50:38.680989 [32;1m[INFO][0m algorithm::time_dependent_forward_a*
2026-10-08 06:50:38.681422 [32;1m[INFO][0m algorithm::bidirectional_a*
2026-10-08 06:50:38.683117 [32;1m[INFO][0m algorithm::bidirectional_a*
2026-10-08 06:50:38.683726 [32;1m[INFO][0m algorithm::bidirectional_a*
2026-10-08 06:50:38.685553 [32;1m[INFO][0m algorithm::bidirectional_a*
2026-10-08 06:50:38.686395 [32;1m[INFO][0m algorithm::bidirectional_a*
2026-10-08 06:50:38.921648 [32;1m[INFO][0m algorithm::bidirectional_a*
2026-10-08 06:50:38.921956 [32;1m[INFO][0m algorithm::bidirectional_a*
2026-10-08 06:50:38.923279 [32;1m[INFO][0m algorithm::bidirectional_a*
2026-10-08 06:50:38.923328 [32;1m[INFO][0m algorithm::bidirectional_a*
2026-10-08 06:50:38.925198 [32;1m[INFO][0m algorithm::bidirectional_a*
2026-10-08 06:50:38.925279 [32;1m[INFO][0m algorithm::bidirectional_a*
2026-10-08 06:50:38.926391 [32;1m[INFO][0m algorithm::bidirectional_a*
2026-10-08 06:50:38.927095 [32;1m[INFO][0m algorithm::bidirectional_a*
2026-10-08 06:50:38.928345 [32;1m[INFO][0m algorithm::bidirectional_a*
2026-10-08 06:50:38.928450 [32;1m[INFO][0m algorithm::bidirectional_a*
2026-10-08 06:50:38.929537 [32;1m[INFO][0m algorithm::bidirectional_a*
2026-10-08 06:50:38.930412 [32;1m[INFO][0m algorithm::bidirectional_a*
2026-10-08 06:50:38.931250 [32;1m[INFO][0m algorithm::bidirectional_a*
2026-10-08 06:50:38.931325 [32;1m[INFO][0m algorithm::bidirectional_a*
2026-10-08 06:50:38.932906 [32;1m[INFO][0m algorithm::bidirectional_a*
2026-10-08 06:50:38.933182 [32;1m[INFO][0m algorithm::bidirectional_a*
2026-10-08 06:50:38.934487 [32;1m[INFO][0m algorithm::bidirectional_a*
2026-10-08 06:50:38.935031 [32;1m[INFO][0m algorithm::bidirectional_a*
2026-10-08 06:50:38.936063 [32;1m[INFO][0m algorithm::bidirectional_a*
2026-10-08 06:50:38.936856 [32;1m[INFO][0m algorithm::bidirectional_a*
2026-10-08 06:50:38.937622 [32;1m[INFO][0m algorithm::bidirectional_a*
2026-10-08 06:50:38.938391 [32;1m[INFO][0m algorithm::bidirectional_a*
2026-10-08 06:50:38.939108 [32;1m[INFO][0m algorithm::bidirectional_a*
2026-10-08 06:50:38.940206 [32;1m[INFO][0m algorithm::time_dependent_forward_a*
2026-10-08 06:50:38.940565 [32;1m[INFO][0m algorithm::bidirectional_a*
2026-10-08 06:50:38.941763 [32;1m[INFO][0m algorithm::bidirectional_a*
2026-10-08 06:50:39.360386 [32;1m[INFO][0m algorithm::bidirectional_a*
2026-10-08 06:50:39.361431 [32;1m[INFO][0m algorithm::bidirectional_a*
2026-10-08 06:50:39.364246 [32;1m[INFO][0m algorithm::bidirectional_a*
2026-10-08 06:50:39.364416 [32;1m[INFO][0m algorithm::bidirectional_a*
2026-10-08 06:50:39.366341 [32;1m[INFO][0m algorithm::bidirectional_a*
2026-10-08 06:50:39.367876 [32;1m[INFO][0m algorithm::bidirectional_a*
ROUTING_BENCHMARK_FILE /Users/pedoataidecordeiro/Library/Developer/CoreSimulator/Devices/F726825E-2DB4-4F45-A51C-DBA5AA0E2664/data/Containers/Data/Application/65A76904-3AF4-4E16-94E9-B1748F72D0EA/tmp/route-benchmark-14F5B0D3-659E-4D98-9EC2-0AFA408E7324.json
ROUTING_BOARD_COMPARISON {"comparisons":[{"boardCancelled":false,"boardDeparture":1791442500,"line":"16","matches":1,"routeDeparture":1791442500,"routeSource":"observed","trip":"24360542"},{"boardCancelled":false,"boardDeparture":1791442980,"line":"18","matches":1,"routeDeparture":1791442980,"routeSource":"observed","trip":"24361743"},{"boardCancelled":false,"boardDeparture":1791443700,"line":"16","matches":1,"routeDeparture":1791443700,"routeSource":"observed","trip":"24360531"},{"boardCancelled":false,"boardDeparture":1791444060,"line":"6","matches":1,"routeDeparture":1791444060,"routeSource":"observed","trip":"24368858"},{"boardCancelled":false,"boardDeparture":0,"line":"6","matches":2,"routeDeparture":1791446100,"routeSource":"observed","trip":"24368856"},{"boardCancelled":false,"boardDeparture":0,"line":"6","matches":2,"routeDeparture":1791448500,"routeSource":"observed","trip":"24368853"}],"departures":540,"fetchedAt":1791442239.486861,"phase":"initial","stop":"000200417019"}
ROUTING_BOARD_COMPARISON {"comparisons":[{"boardCancelled":false,"boardDeparture":1791442860,"line":"16","matches":1,"routeDeparture":1791442860,"routeSource":"observed","trip":"24360508"}],"departures":706,"fetchedAt":1791442242.8630381,"phase":"initial","stop":"000200417039"}
ROUTING_BOARD_COMPARISON {"comparisons":[{"boardCancelled":false,"boardDeparture":1791443400,"line":"322","matches":1,"routeDeparture":1791443400,"routeSource":"observed","trip":"24262682"},{"boardCancelled":false,"boardDeparture":1791443700,"line":"321","matches":1,"routeDeparture":1791443700,"routeSource":"observed","trip":"24261818"},{"boardCancelled":false,"boardDeparture":0,"line":"326","matches":1,"routeDeparture":1791446400,"routeSource":"scheduled","trip":"24264839"},{"boardCancelled":false,"boardDeparture":0,"line":"322","matches":1,"routeDeparture":1791447000,"routeSource":"scheduled","trip":"24262702"},{"boardCancelled":false,"boardDeparture":0,"line":"326","matches":1,"routeDeparture":1791450000,"routeSource":"scheduled","trip":"24264838"}],"departures":1118,"fetchedAt":1791442246.8560181,"phase":"initial","stop":"000200417050"}
ROUTING_BOARD_COMPARISON {"comparisons":[{"boardCancelled":false,"boardDeparture":0,"line":"T1","matches":2,"routeDeparture":1791443100,"routeSource":"observed","trip":"24319200"}],"departures":508,"fetchedAt":1791442255.836077,"phase":"initial","stop":"000200417066"}
ROUTING_BOARD_COMPARISON {"comparisons":[{"boardCancelled":false,"boardDeparture":1791444780,"line":"223","matches":1,"routeDeparture":1791444780,"routeSource":"observed","trip":"24263671"}],"departures":646,"fetchedAt":1791442258.1641722,"phase":"initial","stop":"000200508016"}
2026-10-08 06:51:05.391267 [32;1m[INFO][0m algorithm::bidirectional_a*
2026-10-08 06:51:05.392382 [32;1m[INFO][0m algorithm::bidirectional_a*
2026-10-08 06:51:05.394174 [32;1m[INFO][0m algorithm::bidirectional_a*
2026-10-08 06:51:05.394245 [32;1m[INFO][0m algorithm::bidirectional_a*
2026-10-08 06:51:05.397272 [32;1m[INFO][0m algorithm::bidirectional_a*
2026-10-08 06:51:05.397547 [32;1m[INFO][0m algorithm::bidirectional_a*
ROUTING_CACHED_COMPARISON_FILE /Users/pedoataidecordeiro/Library/Developer/CoreSimulator/Devices/F726825E-2DB4-4F45-A51C-DBA5AA0E2664/data/Containers/Data/Application/65A76904-3AF4-4E16-94E9-B1748F72D0EA/tmp/route-cache-comparison-A02FA594-A3A6-432C-8413-69603ACEB4C3.json
ROUTING_BOARD_COMPARISON {"comparisons":[{"boardCancelled":false,"boardDeparture":1791442500,"line":"16","matches":1,"routeDeparture":1791442500,"routeSource":"observed","trip":"24360542"},{"boardCancelled":false,"boardDeparture":1791442980,"line":"18","matches":1,"routeDeparture":1791442980,"routeSource":"observed","trip":"24361743"},{"boardCancelled":false,"boardDeparture":1791443700,"line":"16","matches":1,"routeDeparture":1791443700,"routeSource":"observed","trip":"24360531"},{"boardCancelled":false,"boardDeparture":1791444060,"line":"6","matches":1,"routeDeparture":1791444060,"routeSource":"observed","trip":"24368858"},{"boardCancelled":false,"boardDeparture":0,"line":"6","matches":2,"routeDeparture":1791446100,"routeSource":"observed","trip":"24368856"},{"boardCancelled":false,"boardDeparture":0,"line":"6","matches":2,"routeDeparture":1791448500,"routeSource":"observed","trip":"24368853"}],"departures":540,"fetchedAt":1791442239.486861,"phase":"after-cache","stop":"000200417019"}
ROUTING_BOARD_COMPARISON {"comparisons":[{"boardCancelled":false,"boardDeparture":1791442860,"line":"16","matches":1,"routeDeparture":1791442860,"routeSource":"observed","trip":"24360508"}],"departures":707,"fetchedAt":1791442242.8630381,"phase":"after-cache","stop":"000200417039"}
ROUTING_BOARD_COMPARISON {"comparisons":[{"boardCancelled":false,"boardDeparture":1791443400,"line":"322","matches":1,"routeDeparture":1791443400,"routeSource":"observed","trip":"24262682"},{"boardCancelled":false,"boardDeparture":1791443700,"line":"321","matches":1,"routeDeparture":1791443700,"routeSource":"observed","trip":"24261818"},{"boardCancelled":false,"boardDeparture":0,"line":"326","matches":1,"routeDeparture":1791446400,"routeSource":"scheduled","trip":"24264839"},{"boardCancelled":false,"boardDeparture":0,"line":"322","matches":1,"routeDeparture":1791447000,"routeSource":"scheduled","trip":"24262702"},{"boardCancelled":false,"boardDeparture":0,"line":"326","matches":1,"routeDeparture":1791450000,"routeSource":"scheduled","trip":"24264838"}],"departures":1116,"fetchedAt":1791442246.8560181,"phase":"after-cache","stop":"000200417050"}
ROUTING_BOARD_COMPARISON {"comparisons":[{"boardCancelled":false,"boardDeparture":0,"line":"T1","matches":2,"routeDeparture":1791443100,"routeSource":"observed","trip":"24319200"}],"departures":507,"fetchedAt":1791442255.836077,"phase":"after-cache","stop":"000200417066"}
ROUTING_BOARD_COMPARISON {"comparisons":[{"boardCancelled":false,"boardDeparture":1791444780,"line":"223","matches":1,"routeDeparture":1791444780,"routeSource":"observed","trip":"24263671"}],"departures":647,"fetchedAt":1791442258.1641722,"phase":"after-cache","stop":"000200508016"}
2026-10-08 06:51:14.232518 [32;1m[INFO][0m algorithm::bidirectional_a*
2026-10-08 06:51:14.233884 [32;1m[INFO][0m algorithm::bidirectional_a*
2026-10-08 06:51:14.235660 [32;1m[INFO][0m algorithm::bidirectional_a*
2026-10-08 06:51:14.236197 [32;1m[INFO][0m algorithm::bidirectional_a*
2026-10-08 06:51:14.239145 [32;1m[INFO][0m algorithm::bidirectional_a*
2026-10-08 06:51:14.239352 [32;1m[INFO][0m algorithm::bidirectional_a*
ROUTING_BENCHMARK_FILE /Users/pedoataidecordeiro/Library/Developer/CoreSimulator/Devices/F726825E-2DB4-4F45-A51C-DBA5AA0E2664/data/Containers/Data/Application/65A76904-3AF4-4E16-94E9-B1748F72D0EA/tmp/route-benchmark-61270446-EF62-4608-8FBC-73EBCC65C96D.json
ROUTING_BOARD_COMPARISON {"comparisons":[{"boardCancelled":false,"boardDeparture":1791442500,"line":"16","matches":1,"routeDeparture":1791442500,"routeSource":"observed","trip":"24360542"},{"boardCancelled":false,"boardDeparture":1791442980,"line":"18","matches":1,"routeDeparture":1791442980,"routeSource":"observed","trip":"24361743"},{"boardCancelled":false,"boardDeparture":1791443700,"line":"16","matches":1,"routeDeparture":1791443700,"routeSource":"observed","trip":"24360531"},{"boardCancelled":false,"boardDeparture":1791444060,"line":"6","matches":1,"routeDeparture":1791444060,"routeSource":"observed","trip":"24368858"},{"boardCancelled":false,"boardDeparture":0,"line":"6","matches":2,"routeDeparture":1791446100,"routeSource":"observed","trip":"24368856"},{"boardCancelled":false,"boardDeparture":0,"line":"6","matches":2,"routeDeparture":1791448500,"routeSource":"observed","trip":"24368853"}],"departures":540,"fetchedAt":1791442239.486861,"phase":"initial","stop":"000200417019"}
ROUTING_BOARD_COMPARISON {"comparisons":[{"boardCancelled":false,"boardDeparture":1791442860,"line":"16","matches":1,"routeDeparture":1791442860,"routeSource":"observed","trip":"24360508"}],"departures":707,"fetchedAt":1791442242.8630381,"phase":"initial","stop":"000200417039"}
ROUTING_BOARD_COMPARISON {"comparisons":[{"boardCancelled":false,"boardDeparture":1791443400,"line":"322","matches":1,"routeDeparture":1791443400,"routeSource":"observed","trip":"24262682"},{"boardCancelled":false,"boardDeparture":1791443700,"line":"321","matches":1,"routeDeparture":1791443700,"routeSource":"observed","trip":"24261818"},{"boardCancelled":false,"boardDeparture":0,"line":"326","matches":1,"routeDeparture":1791446400,"routeSource":"scheduled","trip":"24264839"},{"boardCancelled":false,"boardDeparture":0,"line":"322","matches":1,"routeDeparture":1791447000,"routeSource":"scheduled","trip":"24262702"},{"boardCancelled":false,"boardDeparture":0,"line":"326","matches":1,"routeDeparture":1791450000,"routeSource":"scheduled","trip":"24264838"}],"departures":1116,"fetchedAt":1791442246.8560181,"phase":"initial","stop":"000200417050"}
ROUTING_BOARD_COMPARISON {"comparisons":[{"boardCancelled":false,"boardDeparture":0,"line":"T1","matches":2,"routeDeparture":1791443100,"routeSource":"observed","trip":"24319200"}],"departures":507,"fetchedAt":1791442255.836077,"phase":"initial","stop":"000200417066"}
ROUTING_BOARD_COMPARISON {"comparisons":[{"boardCancelled":false,"boardDeparture":1791444780,"line":"223","matches":1,"routeDeparture":1791444780,"routeSource":"observed","trip":"24263671"}],"departures":647,"fetchedAt":1791442258.1641722,"phase":"initial","stop":"000200508016"}
2026-10-08 06:51:19.481605 [32;1m[INFO][0m algorithm::bidirectional_a*
2026-10-08 06:51:19.482389 [32;1m[INFO][0m algorithm::bidirectional_a*
2026-10-08 06:51:19.485089 [32;1m[INFO][0m algorithm::bidirectional_a*
2026-10-08 06:51:19.485173 [32;1m[INFO][0m algorithm::bidirectional_a*
2026-10-08 06:51:19.487469 [32;1m[INFO][0m algorithm::bidirectional_a*
2026-10-08 06:51:19.488812 [32;1m[INFO][0m algorithm::bidirectional_a*
ROUTING_CACHED_COMPARISON_FILE /Users/pedoataidecordeiro/Library/Developer/CoreSimulator/Devices/F726825E-2DB4-4F45-A51C-DBA5AA0E2664/data/Containers/Data/Application/65A76904-3AF4-4E16-94E9-B1748F72D0EA/tmp/route-cache-comparison-C49708D3-3F89-4398-9786-CD353B0741A4.json
ROUTING_BOARD_COMPARISON {"comparisons":[{"boardCancelled":false,"boardDeparture":1791442500,"line":"16","matches":1,"routeDeparture":1791442500,"routeSource":"observed","trip":"24360542"},{"boardCancelled":false,"boardDeparture":1791442980,"line":"18","matches":1,"routeDeparture":1791442980,"routeSource":"observed","trip":"24361743"},{"boardCancelled":false,"boardDeparture":1791443700,"line":"16","matches":1,"routeDeparture":1791443700,"routeSource":"observed","trip":"24360531"},{"boardCancelled":false,"boardDeparture":1791444060,"line":"6","matches":1,"routeDeparture":1791444060,"routeSource":"observed","trip":"24368858"},{"boardCancelled":false,"boardDeparture":0,"line":"6","matches":2,"routeDeparture":1791446100,"routeSource":"observed","trip":"24368856"},{"boardCancelled":false,"boardDeparture":0,"line":"6","matches":2,"routeDeparture":1791448500,"routeSource":"observed","trip":"24368853"}],"departures":540,"fetchedAt":1791442239.486861,"phase":"after-cache","stop":"000200417019"}
ROUTING_BOARD_COMPARISON {"comparisons":[{"boardCancelled":false,"boardDeparture":1791442860,"line":"16","matches":1,"routeDeparture":1791442860,"routeSource":"observed","trip":"24360508"}],"departures":707,"fetchedAt":1791442242.8630381,"phase":"after-cache","stop":"000200417039"}
ROUTING_BOARD_COMPARISON {"comparisons":[{"boardCancelled":false,"boardDeparture":1791443400,"line":"322","matches":1,"routeDeparture":1791443400,"routeSource":"observed","trip":"24262682"},{"boardCancelled":false,"boardDeparture":1791443700,"line":"321","matches":1,"routeDeparture":1791443700,"routeSource":"observed","trip":"24261818"},{"boardCancelled":false,"boardDeparture":0,"line":"326","matches":1,"routeDeparture":1791446400,"routeSource":"scheduled","trip":"24264839"},{"boardCancelled":false,"boardDeparture":0,"line":"322","matches":1,"routeDeparture":1791447000,"routeSource":"scheduled","trip":"24262702"},{"boardCancelled":false,"boardDeparture":0,"line":"326","matches":1,"routeDeparture":1791450000,"routeSource":"scheduled","trip":"24264838"}],"departures":1116,"fetchedAt":1791442246.8560181,"phase":"after-cache","stop":"000200417050"}
ROUTING_BOARD_COMPARISON {"comparisons":[{"boardCancelled":false,"boardDeparture":0,"line":"T1","matches":2,"routeDeparture":1791443100,"routeSource":"observed","trip":"24319200"}],"departures":507,"fetchedAt":1791442255.836077,"phase":"after-cache","stop":"000200417066"}
ROUTING_BOARD_COMPARISON {"comparisons":[{"boardCancelled":false,"boardDeparture":1791444780,"line":"223","matches":1,"routeDeparture":1791444780,"routeSource":"observed","trip":"24263671"}],"departures":647,"fetchedAt":1791442258.1641722,"phase":"after-cache","stop":"000200508016"}
ROUTING_BENCHMARK_DONE
dev.pedrocordeiro.Verkeier: 57368
